
================================================================================
ДАТА: 2025-10-31 12:34:50
ТИП ФОРМЫ: quote
EMAIL ПОЛУЧАТЕЛЯ: skachkov_evgenij@list.ru
ДАННЫЕ:
  name: Eugene
  email: petyaivanov22345@mail.ru
  phone: +375298753163
  message: хочу купит  у вас дом A30
================================================================================

================================================================================
ДАТА: 2025-10-31 12:34:50
ТИП ФОРМЫ: quote
EMAIL ПОЛУЧАТЕЛЯ: skachkov_evgenij@list.ru
ДАННЫЕ:
  name: Eugene
  email: petyaivanov22345@mail.ru
  phone: +375298753163
  message: хочу купит  у вас дом A30
================================================================================

================================================================================
ДАТА: 2025-11-02 18:56:37
ТИП ФОРМЫ: quote
ДАННЫЕ:
  name: Eugene
  email: skasfka@mail.ru
  phone: +37529445212
  message: Хочу купить у вас дом A30
================================================================================

================================================================================
ДАТА: 2025-11-02 18:56:37
ТИП ФОРМЫ: quote
ДАННЫЕ:
  name: Eugene
  email: skasfka@mail.ru
  phone: +37529445212
  message: Хочу купить у вас дом A30
================================================================================

================================================================================
ДАТА: 2025-11-02 18:57:23
ТИП ФОРМЫ: contact
ДАННЫЕ:
  lastName: Скачков
  firstName: Евгений
  email: example@domain.com
  whatsapp: 74951234567
  telegram: @fdskfsd
  houseModel: g50
  deliveryCountry: Беларусь
================================================================================

================================================================================
ДАТА: 2025-11-02 18:57:23
ТИП ФОРМЫ: contact
ДАННЫЕ:
  lastName: Скачков
  firstName: Евгений
  email: example@domain.com
  whatsapp: 74951234567
  telegram: @fdskfsd
  houseModel: g50
  deliveryCountry: Беларусь
================================================================================

================================================================================
ДАТА: 2025-11-02 18:59:51
ТИП ФОРМЫ: contact
ДАННЫЕ:
  lastName: Скачков
  firstName: Евгений
  email: example@domain.com
  whatsapp: 74951234567
  telegram: @fdskfsd
  houseModel: g50
  deliveryCountry: Беларусь
================================================================================

================================================================================
ДАТА: 2025-11-02 18:59:51
ТИП ФОРМЫ: contact
ДАННЫЕ:
  lastName: Скачков
  firstName: Евгений
  email: example@domain.com
  whatsapp: 74951234567
  telegram: @fdskfsd
  houseModel: g50
  deliveryCountry: Беларусь
================================================================================

================================================================================
ДАТА: 2025-11-02 19:05:18
ТИП ФОРМЫ: quote
ДАННЫЕ:
  name: Eugene
  email: petyaivanov22345@mail.ru
  phone: +37529445212
  message: cxzcczxc
================================================================================

================================================================================
ДАТА: 2025-11-02 19:05:41
ТИП ФОРМЫ: contact
ДАННЫЕ:
  lastName: Скачков
  firstName: Евгений
  email: infso@smart-eu-solution.com
  whatsapp: 74951234561
  telegram: @fdskfsd
  houseModel: g30
  deliveryCountry: Беларусь
================================================================================

================================================================================
ДАТА: 2025-11-02 22:07:07
ТИП ФОРМЫ: contact
ДАННЫЕ:
  lastName: Скачков
  firstName: Евгений
  email: skasfka@mail.ru
  whatsapp: 74951234567
  telegram: @fdskfsd
  houseModel: g30
  deliveryCountry: Беларусь
================================================================================

================================================================================
ДАТА: 2025-11-02 22:07:44
ТИП ФОРМЫ: quote
ДАННЫЕ:
  name: Eugene
  email: petyaivanov22345@mail.ru
  phone: +37529445212
  message: выфвфввфывфыв
================================================================================

================================================================================
ДАТА: 2025-11-02 22:12:35
ТИП ФОРМЫ: contact
ДАННЫЕ:
  lastName: Соловей
  firstName: Илья
  email: example@domain.com
  whatsapp: 74951234567
  telegram: @fdskfsd
  houseModel: l50f
  deliveryCountry: Беларусь
================================================================================
